{
  "error": {
    "code": "EACCES",
    "summary": "Error: EACCES: permission denied, mkdir '/Volumes/clawso-build'",
    "detail": "The operation was rejected by your operating system.\nIt is likely you do not have the permissions to access this file as the current user\n\nIf you believe this might be a permissions issue, please double-check the\npermissions of the file and its containing directories, or try running\nthe command again as root/Administrator."
  }
}
npm error code EACCES
npm error syscall mkdir
npm error path /Volumes/clawso-build
npm error errno -13
npm error Error: EACCES: permission denied, mkdir '/Volumes/clawso-build'
npm error     at async Object.mkdir (node:internal/fs/promises:856:10)
npm error     at async makeTmp (/Users/yzliu/.local/share/fnm/node-versions/v24.13.1/installation/lib/node_modules/npm/node_modules/cacache/lib/content/write.js:156:3)
npm error     at async handleContent (/Users/yzliu/.local/share/fnm/node-versions/v24.13.1/installation/lib/node_modules/npm/node_modules/cacache/lib/content/write.js:103:15) {
npm error   errno: -13,
npm error   code: 'EACCES',
npm error   syscall: 'mkdir',
npm error   path: '/Volumes/clawso-build'
npm error }
npm error
npm error The operation was rejected by your operating system.
npm error It is likely you do not have the permissions to access this file as the current user
npm error
npm error If you believe this might be a permissions issue, please double-check the
npm error permissions of the file and its containing directories, or try running
npm error the command again as root/Administrator.
npm error Log files were not written due to an error writing to the directory: /Volumes/clawso-build/.npm-cache/_logs
npm error You can rerun the command with `--loglevel=verbose` to see the logs in your terminal
