✖ published NativeFacts consumer reads a complete raw fixture and preserves unknown facts (0.576417ms)
ℹ tests 1
ℹ suites 0
ℹ pass 0
ℹ fail 1
ℹ cancelled 0
ℹ skipped 0
ℹ todo 0
ℹ duration_ms 40.19125

✖ failing tests:

test at test/native-facts-public.test.mjs:11:1
✖ published NativeFacts consumer reads a complete raw fixture and preserves unknown facts (0.576417ms)
  Error [ERR_PACKAGE_PATH_NOT_EXPORTED]: Package subpath './examples/native-facts-consumer.mjs' is not defined by "exports" in /Users/yzliu/.cache/hanaworlds-runs/S1-CANVAS-REGION-UNDO-01/nativefacts-053-jyg9krlw/old/node_modules/hanaworlds-canvas/package.json imported from /Users/yzliu/.cache/hanaworlds-runs/S1-CANVAS-REGION-UNDO-01/nativefacts-053-jyg9krlw/old/test/native-facts-public.test.mjs
      at exportsNotFound (node:internal/modules/esm/resolve:314:10)
      at packageExportsResolve (node:internal/modules/esm/resolve:662:9)
      at packageResolve (node:internal/modules/esm/resolve:775:12)
      at moduleResolve (node:internal/modules/esm/resolve:860:18)
      at defaultResolve (node:internal/modules/esm/resolve:992:11)
      at #cachedDefaultResolve (node:internal/modules/esm/loader:719:20)
      at #resolveAndMaybeBlockOnLoaderThread (node:internal/modules/esm/loader:736:38)
      at ModuleLoader.resolveSync (node:internal/modules/esm/loader:765:52)
      at Object.resolve (node:internal/modules/esm/initialize_import_meta:37:25)
      at publicPath (file:///Users/yzliu/.cache/hanaworlds-runs/S1-CANVAS-REGION-UNDO-01/nativefacts-053-jyg9krlw/old/test/native-facts-public.test.mjs:9:15) {
    code: 'ERR_PACKAGE_PATH_NOT_EXPORTED'
  }
