[
  {
    "id": "hanaworlds-canvas@0.5.3",
    "name": "hanaworlds-canvas",
    "version": "0.5.3",
    "size": 28704,
    "unpackedSize": 114532,
    "shasum": "29a1016b8ee1d9a13e4671eae36e71951ccc74ea",
    "integrity": "sha512-/FJOCgQmB5IB4iBiljAFnGakYRUtdtJZSPgex+CYauz9Jo4wtAppH8tis8Fd4/WMSzd8GzojQB/3WbxgSxPMBw==",
    "filename": "hanaworlds-canvas-0.5.3.tgz",
    "files": [
      {
        "path": "GADGET.md",
        "size": 9208,
        "mode": 420
      },
      {
        "path": "LICENSE",
        "size": 1066,
        "mode": 420
      },
      {
        "path": "NOTICE",
        "size": 1097,
        "mode": 420
      },
      {
        "path": "README.md",
        "size": 9125,
        "mode": 420
      },
      {
        "path": "cordis.patch.yml",
        "size": 68,
        "mode": 420
      },
      {
        "path": "examples/native-facts-consumer.mjs",
        "size": 1633,
        "mode": 420
      },
      {
        "path": "fixtures/native-facts-scoped-state.json",
        "size": 522,
        "mode": 420
      },
      {
        "path": "fixtures/native-facts-scoped-state.schema.json",
        "size": 3760,
        "mode": 420
      },
      {
        "path": "fixtures/native-facts-scoped-state.source.json",
        "size": 2233,
        "mode": 420
      },
      {
        "path": "package.json",
        "size": 1999,
        "mode": 420
      },
      {
        "path": "src/index.mjs",
        "size": 360,
        "mode": 420
      },
      {
        "path": "src/local-v5.mjs",
        "size": 47965,
        "mode": 420
      },
      {
        "path": "src/region-v1.mjs",
        "size": 28860,
        "mode": 420
      },
      {
        "path": "src/store-v5.mjs",
        "size": 2304,
        "mode": 420
      },
      {
        "path": "types/index.d.ts",
        "size": 3338,
        "mode": 420
      },
      {
        "path": "types/native-facts-consumer.d.ts",
        "size": 447,
        "mode": 420
      },
      {
        "path": "types/native-facts.d.ts",
        "size": 547,
        "mode": 420
      }
    ],
    "entryCount": 17,
    "bundled": []
  }
]
