[
  {
    "id": "hanaworlds-canvas@0.6.0",
    "name": "hanaworlds-canvas",
    "version": "0.6.0",
    "size": 154190,
    "unpackedSize": 898631,
    "shasum": "fc9ec18dc66b8619fb226d5755fdf485986bb464",
    "integrity": "sha512-kBzJmqD0hiLnfKufl5pI2Ql0iL4bv90ZBcp0YXnZ+nvh5yTAJ4Wah2lv5PDlMMncXYEVoWKD2nXKRoGIQ+Wzqw==",
    "filename": "hanaworlds-canvas-0.6.0.tgz",
    "files": [
      {
        "path": "GADGET.md",
        "size": 9721,
        "mode": 420
      },
      {
        "path": "LICENSE",
        "size": 1066,
        "mode": 420
      },
      {
        "path": "LICENSES/ZOD-MIT.txt",
        "size": 1072,
        "mode": 420
      },
      {
        "path": "NOTICE",
        "size": 1634,
        "mode": 420
      },
      {
        "path": "README.md",
        "size": 11350,
        "mode": 420
      },
      {
        "path": "cordis.patch.yml",
        "size": 68,
        "mode": 420
      },
      {
        "path": "examples/native-facts-consumer.mjs",
        "size": 1633,
        "mode": 420
      },
      {
        "path": "fixtures/native-facts-scoped-state.json",
        "size": 522,
        "mode": 420
      },
      {
        "path": "fixtures/native-facts-scoped-state.schema.json",
        "size": 3760,
        "mode": 420
      },
      {
        "path": "fixtures/native-facts-scoped-state.source.json",
        "size": 2233,
        "mode": 420
      },
      {
        "path": "lib/client.js",
        "size": 771489,
        "mode": 420
      },
      {
        "path": "package.json",
        "size": 3075,
        "mode": 420
      },
      {
        "path": "src/display-host.mjs",
        "size": 1102,
        "mode": 420
      },
      {
        "path": "src/display-remote.mjs",
        "size": 1689,
        "mode": 420
      },
      {
        "path": "src/index.mjs",
        "size": 360,
        "mode": 420
      },
      {
        "path": "src/local-v5.mjs",
        "size": 51385,
        "mode": 420
      },
      {
        "path": "src/region-v1.mjs",
        "size": 29114,
        "mode": 420
      },
      {
        "path": "src/store-v5.mjs",
        "size": 2304,
        "mode": 420
      },
      {
        "path": "types/index.d.ts",
        "size": 4060,
        "mode": 420
      },
      {
        "path": "types/native-facts-consumer.d.ts",
        "size": 447,
        "mode": 420
      },
      {
        "path": "types/native-facts.d.ts",
        "size": 547,
        "mode": 420
      }
    ],
    "entryCount": 21,
    "bundled": []
  }
]
