runtime-resolution: START
runtime-resolution: exit 0
node-version: START
node-version: exit 0
npm-version: START
npm-version: exit 0
source-npm-ci: START
source-npm-ci: exit 0
source-build: START
source-build: exit 0
consumer-install: START
consumer-install: exit 0
source-test: START
source-test: exit 0
source-types: START
source-types: exit 0
npm-pack: START
npm-pack: exit 0
packed-install: START
packed-install: exit 0
packed-test: START
packed-test: exit 1
Traceback (most recent call last):
  File "/Users/yzliu/.cache/hanaworlds-runs/S1-CANVAS-REGION-UNDO-01/source/scripts/gate-cell-protocol-052.py", line 178, in <module>
    main()
  File "/Users/yzliu/.cache/hanaworlds-runs/S1-CANVAS-REGION-UNDO-01/source/scripts/gate-cell-protocol-052.py", line 137, in main
    execute('packed-test', [node, '--test', *tests], packed, common | {
  File "/Users/yzliu/.cache/hanaworlds-runs/S1-CANVAS-REGION-UNDO-01/source/scripts/gate-cell-protocol-052.py", line 57, in execute
    assert result.returncode == expected, f'{label}: see {out / (label + ".log")}'
           ^^^^^^^^^^^^^^^^^^^^^^^^^^^^^
AssertionError: packed-test: see /Users/yzliu/.cache/hanaworlds-runs/S1-CANVAS-REGION-UNDO-01/_evidence/gate-cell-protocol-052-4d24eb8/packed-test.log
