✖ web example reads public-transaction-produced durable records unchanged after reopening (0.821875ms)
ℹ tests 1
ℹ suites 0
ℹ pass 0
ℹ fail 1
ℹ cancelled 0
ℹ skipped 0
ℹ todo 0
ℹ duration_ms 55.896958

✖ failing tests:

test at test/objects-example.test.mjs:12:1
✖ web example reads public-transaction-produced durable records unchanged after reopening (0.821875ms)
  AssertionError [ERR_ASSERTION]: durable public-transaction example producer is missing
  + actual - expected
  
  + 'undefined'
  - 'function'
  
      at TestContext.<anonymous> (file:///Users/yzliu/.cache/hanaworlds-runs/S1-CANVAS-REGION-UNDO-01/source/test/objects-example.test.mjs:13:10)
      at Test.runInAsyncScope (node:async_hooks:214:14)
      at Test.run (node:internal/test_runner/test:1103:25)
      at Test.start (node:internal/test_runner/test:1000:17)
      at startSubtestAfterBootstrap (node:internal/test_runner/harness:358:17) {
    generatedMessage: false,
    code: 'ERR_ASSERTION',
    actual: 'undefined',
    expected: 'function',
    operator: 'strictEqual',
    diff: 'simple'
  }
