runtime-resolution: START
runtime-resolution: exit 0
node-version: START
node-version: exit 0
npm-version: START
npm-version: exit 0
source-npm-ci: START
source-npm-ci: exit 0
source-build: START
source-build: exit 0
consumer-install: START
consumer-install: exit 0
source-test: START
source-test: exit 0
source-types: START
source-types: exit 0
npm-pack: START
npm-pack: exit 0
packed-install: START
packed-install: exit 0
packed-test: START
packed-test: exit 0
packed-types: START
packed-types: exit 0
old-install: START
old-install: exit 0
old-052-public-input-red: START
old-052-public-input-red: exit 1
{"artifactSource": "62496806feaf5356f9cd954bc0843744d0f2c1c0", "sourceDirty": false, "version": "0.5.3", "tar": "/Users/yzliu/.cache/hanaworlds-runs/S1-CANVAS-REGION-UNDO-01/_evidence/gate-nativefacts-053-6249680/hanaworlds-canvas-0.5.3.tgz", "sha256": "a109d611624c20837726e3d5ea5a93a4346df6690be37ad1464c5d82cebbbe3a", "bytes": 28668, "node": "24.13.1", "npm": "11.8.0", "cordis": "4.0.0-rc.10", "consumer": "0.5.2", "runtime": "REAL_CORDIS_CANVAS_AND_FS_STORE", "external": "HOST_PATH_ADAPTER_AND_WORLD_FIXTURE", "notRun": ["real peers", "Luanti", "Desktop UI", "model", "clean-machine", "product gate"], "sourceTests": 2, "packedTests": 2, "oldExit": 1}
