node:internal/modules/esm/resolve:275
    throw new ERR_MODULE_NOT_FOUND(
          ^

Error [ERR_MODULE_NOT_FOUND]: Cannot find module '/Users/yzliu/.cache/hanaworlds-runs/S1-CANVAS-REGION-UNDO-01/source/scripts/objects-web-server.mjs' imported from /Users/yzliu/.cache/hanaworlds-runs/S1-CANVAS-REGION-UNDO-01/source/test/objects-web.test.mjs
    at finalizeResolution (node:internal/modules/esm/resolve:275:11)
    at moduleResolve (node:internal/modules/esm/resolve:866:10)
    at defaultResolve (node:internal/modules/esm/resolve:992:11)
    at #cachedDefaultResolve (node:internal/modules/esm/loader:719:20)
    at #resolveAndMaybeBlockOnLoaderThread (node:internal/modules/esm/loader:736:38)
    at ModuleLoader.resolveSync (node:internal/modules/esm/loader:765:52)
    at #resolve (node:internal/modules/esm/loader:701:17)
    at ModuleLoader.getOrCreateModuleJob (node:internal/modules/esm/loader:621:35)
    at ModuleJob.syncLink (node:internal/modules/esm/module_job:160:33)
    at ModuleJob.link (node:internal/modules/esm/module_job:245:17) {
  code: 'ERR_MODULE_NOT_FOUND',
  url: 'file:///Users/yzliu/.cache/hanaworlds-runs/S1-CANVAS-REGION-UNDO-01/source/scripts/objects-web-server.mjs'
}

Node.js v24.13.1
✖ test/objects-web.test.mjs (30.35975ms)
ℹ tests 1
ℹ suites 0
ℹ pass 0
ℹ fail 1
ℹ cancelled 0
ℹ skipped 0
ℹ todo 0
ℹ duration_ms 34.413458

✖ failing tests:

test at test/objects-web.test.mjs:1:1
✖ test/objects-web.test.mjs (30.35975ms)
  'test failed'
