
> hanaworlds-canvas@0.6.0 test
> node --test test/local-world.test.mjs test/protocol-handshake.test.mjs test/region-undo.test.mjs test/native-facts-public.test.mjs test/display.test.mjs test/display-view.test.mjs

✔ sample UI labels its origin and renders the requested data with read-only controls (11.393458ms)
✔ old history discloses missing metadata and unbound worlds explain why they are empty (0.496042ms)
✔ display is an immutable, session-bound read of durable current objects and recorded history (99.649666ms)
✔ actual connection readback binds the current local world durably (108.588208ms)
{"runtime":"REAL_CORDIS_CANVAS_AND_FS_STORE","external":"ADAPTER_AND_WORLD_FIXTURE","consumerVersion":"0.5.0","publicReadback":"VERIFIED","reopenedReadback":"VERIFIED","undo":"VERIFIED","originalTransaction":"build-1","undoTransaction":"undo-1","noDuplicateWrites":true,"rollback":"ROLLED_BACK","restores":1}
✔ build commits only after complete readback and stores one durable history row (431.208375ms)
✔ host exposes durable Canvas facts as separate public ports (4.457375ms)
{"consumerVersion":"0.5.0","method":"readScopedState","arguments":["local-connection",[[0,1,3]]],"rawReturn":{"worldRef":"fixture-world","stateProfile":{"profileVersion":"state-profile/v2","nodeFields":["nodeName","param1","param2"],"metadataMode":"exact","inventoryMode":"exact","timerMode":"exact","derivedLightMode":"recompute-with-readback"},"cells":[{"position":[0,1,3],"availability":"KNOWN","stateDigest":"322555c1f2cabbaf00730bc0eddc0b5c25650ad1db5eee60a87b950621dc327b"}]}}
✔ published NativeFacts consumer reads a complete raw fixture and preserves unknown facts (6.70375ms)
{"consumerVersion":"0.5.0","actualCellHandshake":{"profileVersion":"protocol-handshake/v1","component":"hanaworlds-canvas","protocols":[{"protocol":"canvas","major":5,"minor":0}],"capabilities":[],"provenance":{"packageName":"hanaworlds-canvas","packageVersion":"0.6.0","sourceRevision":null,"artifactDigest":null}},"actualRegionHandshake":{"profileVersion":"protocol-handshake/v1","component":"hanaworlds-canvas","protocols":[{"protocol":"canvas-region","major":1,"minor":0}],"capabilities":["canvas-region/v1:compressed-before-snapshot","canvas-region/v1:rollback-on-failure","canvas-region/v1:single-logical-transaction","canvas-region/v1:whole-region-undo"],"provenance":{"packageName":"hanaworlds-canvas","packageVersion":"0.6.0","sourceRevision":null,"artifactDigest":null}},"storage":"READY"}
✔ real Cordis Canvas publicly advertises canvas/v5 and retains its region declaration (95.692583ms)
{"consumerVersion":"0.5.0","wrongMajor":"UNSUPPORTED_VERSION","noDeclaration":"UNSUPPORTED_VERSION","regionOnlyForCell":"UNSUPPORTED_VERSION","exactOnlyForCell":"UNSUPPORTED_VERSION","missingPublishedRegionCapability":"CAPABILITY_UNAVAILABLE","missingPerCellCapability":"NOT_APPLICABLE_NO_PUBLISHED_TOKEN"}
✔ public consumer names wrong major, missing declaration, and missing published capability (8.004ms)
✔ cross-mapblock fill and air carve commit once, survive reopen and undo the whole region (260.750292ms)
✔ partial chunk write or readback mismatch rolls the whole region back without residue (180.046208ms)
✔ unverified restore stays durably pending and normal reopen recovers from the snapshot (108.577ms)
✔ unknown, wrong world, footprint conflict and external edits never write (111.184291ms)
✔ protocol major + capabilities decide compatibility; patch and provenance do not (61.392791ms)
✔ host provides the region port, its handshake and tool description beside canvas/v5 (1.296ms)
✔ Contracts public region fixture operations reproduce the contract summaries exactly (106.78675ms)
ℹ tests 16
ℹ suites 0
ℹ pass 16
ℹ fail 0
ℹ cancelled 0
ℹ skipped 0
ℹ todo 0
ℹ duration_ms 886.8195
npm notice
npm notice New minor version of npm available! 11.8.0 -> 11.21.0
npm notice Changelog: https://github.com/npm/cli/releases/tag/v11.21.0
npm notice To update run: npm install -g npm@11.21.0
npm notice
